# github.com/nilesh0729/Notes/internal/api
internal/api/note_tag_test.go:15:2: no required module provides package github.com/nilesh0729/Notes/db/Mock; to add it:
	go get github.com/nilesh0729/Notes/db/Mock
FAIL	github.com/nilesh0729/Notes/internal/api [setup failed]
# github.com/nilesh0729/Notes/internal/db/Result
internal/api/tag_test.go:18:2: no required module provides package github.com/nilesh0729/Notes/util; to add it:
	go get github.com/nilesh0729/Notes/util
FAIL	github.com/nilesh0729/Notes/internal/db/Result [setup failed]
?   	github.com/nilesh0729/Notes/cmd/api	[no test files]
?   	github.com/nilesh0729/Notes/internal/db/Mock	[no test files]
=== RUN   TestJWTMaker
--- PASS: TestJWTMaker (0.00s)
=== RUN   TestExpiredJWTToken
--- PASS: TestExpiredJWTToken (0.00s)
=== RUN   TestInvalidTokenAlgNone
--- PASS: TestInvalidTokenAlgNone (0.00s)
=== RUN   TestPasetoMaker
--- PASS: TestPasetoMaker (0.00s)
=== RUN   TestExpiredPasetoToken
--- PASS: TestExpiredPasetoToken (0.00s)
PASS
ok  	github.com/nilesh0729/Notes/internal/tokens	(cached)
=== RUN   TestHashedPassword
--- PASS: TestHashedPassword (0.37s)
PASS
ok  	github.com/nilesh0729/Notes/internal/util	(cached)
FAIL
